// Jest Snapshot v1, https://goo.gl/fbAQLP

exports[`Should render button component with props 1`] = `
<div
  className="header"
>
  <div
    className="button white"
  >
    <p>
      <span
        className="bg"
      />
      <span
        className="base"
      />
      <span
        className="text"
        onClick={[Function]}
      >
        Run
      </span>
    </p>
  </div>
</div>
`;
